../Core/Src/main.c:104:5:main	16	static
../Core/Src/main.c:211:6:Keypadscan	16	static
../Core/Src/main.c:306:6:key1	8	static
../Core/Src/main.c:312:6:key2	8	static
../Core/Src/main.c:318:6:key3	8	static
../Core/Src/main.c:324:6:key4	8	static
../Core/Src/main.c:330:6:key5	8	static
../Core/Src/main.c:336:6:key6	8	static
../Core/Src/main.c:342:6:key7	8	static
../Core/Src/main.c:348:6:key8	8	static
../Core/Src/main.c:354:6:key9	8	static
../Core/Src/main.c:360:6:key0	8	static
../Core/Src/main.c:366:6:keyS	8	static
../Core/Src/main.c:372:6:keyP	8	static
../Core/Src/main.c:378:6:SystemClock_Config	96	static
../Core/Src/main.c:427:13:MX_USART2_UART_Init	8	static
../Core/Src/main.c:457:13:MX_GPIO_Init	40	static
../Core/Src/main.c:506:6:Error_Handler	4	static,ignoring_inline_asm
